------------------------------------------------------------
Timing Analyzer Summary
------------------------------------------------------------

Type  : Slow 1200mV 85C Model Setup 'PLL_inst|altpll_component|auto_generated|pll1|clk[1]'
Slack : 5.805
TNS   : 0.000

Type  : Slow 1200mV 85C Model Setup 'PLL_inst|altpll_component|auto_generated|pll1|clk[0]'
Slack : 10.316
TNS   : 0.000

Type  : Slow 1200mV 85C Model Setup 'mem_clk'
Slack : 12.632
TNS   : 0.000

Type  : Slow 1200mV 85C Model Hold 'PLL_inst|altpll_component|auto_generated|pll1|clk[0]'
Slack : 0.452
TNS   : 0.000

Type  : Slow 1200mV 85C Model Hold 'PLL_inst|altpll_component|auto_generated|pll1|clk[1]'
Slack : 0.453
TNS   : 0.000

Type  : Slow 1200mV 85C Model Hold 'mem_clk'
Slack : 2.598
TNS   : 0.000

Type  : Slow 1200mV 85C Model Recovery 'PLL_inst|altpll_component|auto_generated|pll1|clk[0]'
Slack : 13.666
TNS   : 0.000

Type  : Slow 1200mV 85C Model Removal 'PLL_inst|altpll_component|auto_generated|pll1|clk[0]'
Slack : 3.178
TNS   : 0.000

Type  : Slow 1200mV 85C Model Minimum Pulse Width 'PLL_inst|altpll_component|auto_generated|pll1|clk[2]'
Slack : 4.314
TNS   : 0.000

Type  : Slow 1200mV 85C Model Minimum Pulse Width 'mem_clk'
Slack : 4.314
TNS   : 0.000

Type  : Slow 1200mV 85C Model Minimum Pulse Width 'PLL_inst|altpll_component|auto_generated|pll1|clk[1]'
Slack : 9.718
TNS   : 0.000

Type  : Slow 1200mV 85C Model Minimum Pulse Width 'CLK_50MHZ'
Slack : 9.858
TNS   : 0.000

Type  : Slow 1200mV 85C Model Minimum Pulse Width 'PLL_inst|altpll_component|auto_generated|pll1|clk[0]'
Slack : 19.531
TNS   : 0.000

Type  : Slow 1200mV 0C Model Setup 'PLL_inst|altpll_component|auto_generated|pll1|clk[1]'
Slack : 6.676
TNS   : 0.000

Type  : Slow 1200mV 0C Model Setup 'PLL_inst|altpll_component|auto_generated|pll1|clk[0]'
Slack : 10.773
TNS   : 0.000

Type  : Slow 1200mV 0C Model Setup 'mem_clk'
Slack : 13.320
TNS   : 0.000

Type  : Slow 1200mV 0C Model Hold 'PLL_inst|altpll_component|auto_generated|pll1|clk[0]'
Slack : 0.400
TNS   : 0.000

Type  : Slow 1200mV 0C Model Hold 'PLL_inst|altpll_component|auto_generated|pll1|clk[1]'
Slack : 0.401
TNS   : 0.000

Type  : Slow 1200mV 0C Model Hold 'mem_clk'
Slack : 2.178
TNS   : 0.000

Type  : Slow 1200mV 0C Model Recovery 'PLL_inst|altpll_component|auto_generated|pll1|clk[0]'
Slack : 13.962
TNS   : 0.000

Type  : Slow 1200mV 0C Model Removal 'PLL_inst|altpll_component|auto_generated|pll1|clk[0]'
Slack : 2.862
TNS   : 0.000

Type  : Slow 1200mV 0C Model Minimum Pulse Width 'PLL_inst|altpll_component|auto_generated|pll1|clk[2]'
Slack : 4.314
TNS   : 0.000

Type  : Slow 1200mV 0C Model Minimum Pulse Width 'mem_clk'
Slack : 4.314
TNS   : 0.000

Type  : Slow 1200mV 0C Model Minimum Pulse Width 'PLL_inst|altpll_component|auto_generated|pll1|clk[1]'
Slack : 9.716
TNS   : 0.000

Type  : Slow 1200mV 0C Model Minimum Pulse Width 'CLK_50MHZ'
Slack : 9.855
TNS   : 0.000

Type  : Slow 1200mV 0C Model Minimum Pulse Width 'PLL_inst|altpll_component|auto_generated|pll1|clk[0]'
Slack : 19.552
TNS   : 0.000

Type  : Fast 1200mV 0C Model Setup 'PLL_inst|altpll_component|auto_generated|pll1|clk[1]'
Slack : 9.426
TNS   : 0.000

Type  : Fast 1200mV 0C Model Setup 'mem_clk'
Slack : 14.947
TNS   : 0.000

Type  : Fast 1200mV 0C Model Setup 'PLL_inst|altpll_component|auto_generated|pll1|clk[0]'
Slack : 15.659
TNS   : 0.000

Type  : Fast 1200mV 0C Model Hold 'PLL_inst|altpll_component|auto_generated|pll1|clk[0]'
Slack : 0.180
TNS   : 0.000

Type  : Fast 1200mV 0C Model Hold 'PLL_inst|altpll_component|auto_generated|pll1|clk[1]'
Slack : 0.186
TNS   : 0.000

Type  : Fast 1200mV 0C Model Hold 'mem_clk'
Slack : 0.705
TNS   : 0.000

Type  : Fast 1200mV 0C Model Recovery 'PLL_inst|altpll_component|auto_generated|pll1|clk[0]'
Slack : 16.981
TNS   : 0.000

Type  : Fast 1200mV 0C Model Removal 'PLL_inst|altpll_component|auto_generated|pll1|clk[0]'
Slack : 1.408
TNS   : 0.000

Type  : Fast 1200mV 0C Model Minimum Pulse Width 'CLK_50MHZ'
Slack : 9.423
TNS   : 0.000

Type  : Fast 1200mV 0C Model Minimum Pulse Width 'PLL_inst|altpll_component|auto_generated|pll1|clk[2]'
Slack : 9.543
TNS   : 0.000

Type  : Fast 1200mV 0C Model Minimum Pulse Width 'mem_clk'
Slack : 9.543
TNS   : 0.000

Type  : Fast 1200mV 0C Model Minimum Pulse Width 'PLL_inst|altpll_component|auto_generated|pll1|clk[1]'
Slack : 9.796
TNS   : 0.000

Type  : Fast 1200mV 0C Model Minimum Pulse Width 'PLL_inst|altpll_component|auto_generated|pll1|clk[0]'
Slack : 19.732
TNS   : 0.000

------------------------------------------------------------
